---
source: src/ui/help.rs
assertion_line: 49
expression: terminal.backend()
---
" PROJECTS                                                             "
" ────────────────────────────     Select a worktree from the sidebar. "
"▸▼ grove┌ Help ──────────────────────────────────────────────┐ activat"
"   ○ mai│                                                    │        "
"   ● fea│  Sidebar                                           │        "
"   ● fix│    j / k             move up / down                │        "
"        │    h / l             collapse / expand repo        │        "
" ▼ dotfi│    Enter             activate worktree             │        "
"   ○ mai│    a                 add repository                │        "
"   ● wip│    R                 remove repository             │        "
"        │    r                 refresh git status            │        "
" ───────│                                                    │        "
" [a] Add│  Global                                            │        "
" [w] New│    ?                 toggle this help              │        "
"        │    q                 quit                          │        "
" j/k  na│                                                    │        "
" ?    he│  (Esc or ? to close)                               │        "
" q    qu└────────────────────────────────────────────────────┘        "
"                                                                      "
"                                                                      "
