---
source: src/ui/sidebar.rs
expression: render_to_string(&app)
---
" PROJECTS                       "
" ────────────────────────────   "
"▸▼ grove                        "
"   ○ main                      ✓"
"   ● feat/sidebar          +4 ↑1"
"   ● fix/deps               ⚠ ~2"
"                                "
" ▼ dotfiles                     "
"   ○ main                      ✓"
"   ● wip/zsh               ↑1 ↓2"
"                                "
" ────────────────────────────   "
" [a] Add repo                   "
" [w] New worktree               "
"                                "
" j/k  navigate                  "
" ?    help                      "
" q    quit                      "
"                                "
"                                "
