---
source: src/ui/add_repo.rs
expression: render_to_string(&app)
---
" PROJECTS                       ┌ grove ─────────────────────────────┐"
" ────────────────────────────   │                                    │"
"▸▼ grove                        │  Select a worktree from the sidebar│"
"   ○ main                       │  (↑↓ or j/k to navigate)           │"
"   ● feat/sidebar               │                                    │"
"   ●┌ Add repository ────────────────────────────────────────────┐ si│"
"    │                                                            │   │"
" ▼ d│  Path to git repository:                                   │   │"
"   ○│  /definitely/not/a/real/path                               │   │"
"   ●│                                                            │   │"
"    │  ! resolving path /definitely/not/a/real/path: No such file│   │"
" ───│    or directory (os error 2)                               │   │"
" [a]│                                                            │   │"
" [w]│  Enter to add  ·  Esc to cancel                            │   │"
"    └────────────────────────────────────────────────────────────┘   │"
" j/k  navigate                  │                                    │"
" ?    help                      │                                    │"
" q    quit                      │                                    │"
"                                │                                    │"
"                                └────────────────────────────────────┘"
