---
source: src/ui/add_repo.rs
expression: render_to_string(&app)
---
" PROJECTS                       ┌ grove ─────────────────────────────┐"
" ────────────────────────────   │                                    │"
"▸▼ grove                        │  Select a worktree from the sidebar│"
"   ○ main                       │  (↑↓ or j/k to navigate)           │"
"   ● feat/sidebar               │                                    │"
"   ● fix/deps                   │  Ctrl+Space cycles focus between si│"
"    ┌ Add repository ────────────────────────────────────────────┐   │"
" ▼ d│                                                            │   │"
"   ○│  Path to git repository:                                   │   │"
"   ●│                                                            │   │"
"    │                                                            │   │"
" ───│                                                            │   │"
" [a]│  Enter to add  ·  Esc to cancel                            │   │"
" [w]└────────────────────────────────────────────────────────────┘   │"
"                                │                                    │"
" j/k  navigate                  │                                    │"
" ?    help                      │                                    │"
" q    quit                      │                                    │"
"                                │                                    │"
"                                └────────────────────────────────────┘"
