---
source: src/ui/main_pane.rs
assertion_line: 129
expression: render_to_string(&app)
---
"┌ grove ───────────────────────────────────────────────────┐"
"│                                                          │"
"│  Select a worktree from the sidebar.                     │"
"│  (↑↓ or j/k to move, Enter to activate)                  │"
"│                                                          │"
"│  Ctrl+Space cycles focus between sidebar and main.       │"
"│                                                          │"
"│                                                          │"
"│                                                          │"
"│                                                          │"
"│                                                          │"
"└──────────────────────────────────────────────────────────┘"
