---
source: src/ui/add_repo.rs
assertion_line: 265
expression: render_to_string(&app)
---
" PROJECTS                       ┌ grove ─────────────────────────────┐"
" ────────────────────────────   │                                    │"
"▸▼ grove                        │  Select a worktree from the sidebar│"
"   ○ main                       │  (↑↓ or j/k to move, Enter to activ│"
"   ●┌ Add repository ────────────────────────────────────────────┐   │"
"   ●│                                                            │ si│"
"    │  Path to git repository:                                   │   │"
" ▼ d│                                                            │   │"
"   ○│                                                            │   │"
"   ●│                                                            │   │"
"    │                                                            │   │"
" ───│  Enter to add  ·  Esc to cancel                            │   │"
" [a]│                                                            │   │"
" [w]│                                                            │   │"
"    └────────────────────────────────────────────────────────────┘   │"
" j/k  navigate                  │                                    │"
" ?    help                      │                                    │"
" q    quit                      │                                    │"
"                                │                                    │"
"                                └────────────────────────────────────┘"
