---
source: src/ui/confirm.rs
expression: render_to_string(&app)
---
" PROJECTS                       ┌ grove ─────────────────────────────┐"
" ────────────────────────────   │                                    │"
"▸▼ grove                        │  Select a worktree from the sidebar│"
"   ○ main                       │  (↑↓ or j/k to navigate)           │"
"   ● feat/sidebar               │                                    │"
"   ● fix/deps                   │  Ctrl+Space cycles focus between si│"
"      ┌ Remove repository? ────────────────────────────────────┐     │"
" ▼ dot│                                                        │     │"
"   ○ m│  Remove "grove" from grove?                            │     │"
"   ● w│  (config.toml will be rewritten;                       │     │"
"      │   the repository on disk is not touched)               │     │"
" ─────│                                                        │     │"
" [a] A│  y/Enter confirm  ·  n/Esc cancel                      │     │"
" [w] N└────────────────────────────────────────────────────────┘     │"
"                                │                                    │"
" j/k  navigate                  │                                    │"
" ?    help                      │                                    │"
" q    quit                      │                                    │"
"                                │                                    │"
"                                └────────────────────────────────────┘"
