---
source: src/ui/add_repo.rs
assertion_line: 94
expression: render_to_string(&app)
---
" PROJECTS                                                             "
" ────────────────────────────     Select a worktree from the sidebar. "
"▸▼ grove                          (↑↓ or j/k to move, Enter to activat"
"   ○ main                                                             "
"   ●┌ Add repository ────────────────────────────────────────────┐    "
"   ●│                                                            │    "
"    │  Path to git repository:                                   │    "
" ▼ d│  /definitely/not/a/real/path                               │    "
"   ○│                                                            │    "
"   ●│  ! resolving path /definitely/not/a/real/path: No such file│    "
"    │                                                            │    "
" ───│  Enter to add  ·  Esc to cancel                            │    "
" [a]│                                                            │    "
" [w]│                                                            │    "
"    └────────────────────────────────────────────────────────────┘    "
" j/k  navigate                                                        "
" ?    help                                                            "
" q    quit                                                            "
"                                                                      "
"                                                                      "
