---
source: src/ui/help.rs
expression: terminal.backend()
---
" PROJEC┌ Help ────────────────────────────────────────────────┐──────┐"
" ──────│                                                      │      │"
"▸▼ grov│  Sidebar                                             │idebar│"
"   ○ ma│    j / k             move up / down                  │ activ│"
"   ● fe│    h / l             collapse / expand repo          │      │"
"   ● fi│    Enter             activate worktree               │een si│"
"       │    a                 add repository                  │      │"
" ▼ dotf│    R                 remove repository               │      │"
"   ○ ma│    r                 refresh git status              │      │"
"   ● wi│                                                      │      │"
"       │  Main (terminal)                                     │      │"
" ──────│    Enter             open terminal for worktree      │      │"
" [a] Ad│    Ctrl+t            new tab                         │      │"
" [w] Ne│    Ctrl+w            close tab                       │      │"
"       │    Alt+h / Alt+l     previous / next tab             │      │"
" j/k  n│    Ctrl+\            toggle scrollback mode          │      │"
" ?    h│                                                      │      │"
" q    q│  Global                                              │      │"
"       │    Ctrl+Space        cycle focus (sidebar ↔ main)    │      │"
"       └──────────────────────────────────────────────────────┘──────┘"
